---
namespace: Compile
expectation: Pass
outputs:
  - - initial_symbol_table: d1ac6f2770af6bce07c5b9bcfc4f0ea207fd700e0f92308d70db29badf64844d
      type_checked_symbol_table: 5bc78fe4edd1a7989f75e73c5a67044df448be223990aeea89d19c62c8dd5ef1
      unrolled_symbol_table: 5bc78fe4edd1a7989f75e73c5a67044df448be223990aeea89d19c62c8dd5ef1
      initial_ast: 0f6e05e3b3533d9c600973a6734710895954f9fa2dd829ab77be056beace0311
      unrolled_ast: 0f6e05e3b3533d9c600973a6734710895954f9fa2dd829ab77be056beace0311
      ssa_ast: 81a7c8be72e9061592dd16f5b16aa1fb78298e198f07bfc2c74a0f9eba388c59
      flattened_ast: 5b817cf6b693a206ff60f2fa5c97d15addcf65a8445906c5012cb3379dbadbde
      destructured_ast: 7be0f8b1b230ede98dcce718665cc022eaf4804fcfc5d9f82b1fc225c37cbf7c
      inlined_ast: 7be0f8b1b230ede98dcce718665cc022eaf4804fcfc5d9f82b1fc225c37cbf7c
      dce_ast: 7be0f8b1b230ede98dcce718665cc022eaf4804fcfc5d9f82b1fc225c37cbf7c
      bytecode: 8195766fd4b565e30f6f4e088c57977e5a558d68847e0a61fe2b8de79bd2590d
      warnings: ""
