---
namespace: Compile
expectation: Pass
outputs:
  - - initial_symbol_table: a5f56d9140369710d2616f22e72769b4ce4786e6b3cadd3eaa7301dd486c160b
      type_checked_symbol_table: e35e7c6ab49ed308a4cb758f407532677f9176ed232b34f2c49fb58634d7c979
      unrolled_symbol_table: e35e7c6ab49ed308a4cb758f407532677f9176ed232b34f2c49fb58634d7c979
      initial_ast: a19a37db715c74c669c8ba97056e0e4780f7799e9c0ed3ab63010a0fafbc8251
      unrolled_ast: a19a37db715c74c669c8ba97056e0e4780f7799e9c0ed3ab63010a0fafbc8251
      ssa_ast: 8c4ee3ad2e1267e3b10c78c9c3fba595ab694a1455432baa5b931e3de1558602
      flattened_ast: c3f597338aea8f357d87e5a9d9b7533761854286714c907e32fc22038b7180c9
      destructured_ast: 8a6fbaa416c70a3218d6b2ac631297b3b7f51866cdef7c7d55ed89e9ba71421f
      inlined_ast: 8a6fbaa416c70a3218d6b2ac631297b3b7f51866cdef7c7d55ed89e9ba71421f
      dce_ast: 8a6fbaa416c70a3218d6b2ac631297b3b7f51866cdef7c7d55ed89e9ba71421f
      bytecode: 041ad04237619df46380596339019563fc1d330a7e3792a3d856e4b600e8501e
      warnings: ""
