---
namespace: Compile
expectation: Pass
outputs:
  - - initial_symbol_table: 077422b93c97f7cd8a28ff1ba7bbe58e07c4b7887304c46d35eb5ac6bf23c972
      type_checked_symbol_table: 5f860d2de9a0608ecbc70179a65c645cd622701fee49e955c77387fa225b01a1
      unrolled_symbol_table: 5f860d2de9a0608ecbc70179a65c645cd622701fee49e955c77387fa225b01a1
      initial_ast: e1b47dce4f733e058af9638b35a73f7b09f64b3fc27c17a9d57c832e33712126
      unrolled_ast: e1b47dce4f733e058af9638b35a73f7b09f64b3fc27c17a9d57c832e33712126
      ssa_ast: 1322916fec4d9c325886de65fd89bab5a2c248d29ed009f8d45d04c8143ed907
      flattened_ast: 06b31596ec5a44cc829fc428963bbb5cd64d321779d94034dfa781ec44114cac
      destructured_ast: bf29cfe2943313e908ba86f1017fc0391d0fe4a0997507c82cf9b7dde64d47a7
      inlined_ast: bf29cfe2943313e908ba86f1017fc0391d0fe4a0997507c82cf9b7dde64d47a7
      dce_ast: 35587e86d41c55541497649092ae175a00b2e8089660633765e803790d82ea75
      bytecode: 324982aeedb7f0eb194a3744384b562834062c95c62d9007a74ec8e2a5612c4e
      warnings: ""
