---
namespace: Compile
expectation: Pass
outputs:
  - - initial_symbol_table: 2658cc46474508322e7f12b986c382eeffb3de47b35e77a1a0d78d5ccb012baf
      type_checked_symbol_table: 037ce128721bb9836ae981f0d780be368d31aedc444742e912c3fd942326e99b
      unrolled_symbol_table: 037ce128721bb9836ae981f0d780be368d31aedc444742e912c3fd942326e99b
      initial_ast: eeaeb066abef7f365cedd2a08c2ad959bb100b8ae663f33ebdf22b6416d6e90d
      unrolled_ast: eeaeb066abef7f365cedd2a08c2ad959bb100b8ae663f33ebdf22b6416d6e90d
      ssa_ast: fe136cae1db70bedc3da0719d66dbe4c6d49750fc1f89046f5d393d08fdf7e82
      flattened_ast: 0055309ade0b0491746ac11dff4d3a0a954b3a6066ed7b78d3ed879e74e8aeec
      destructured_ast: f4c15b2f89975719d7fb796b52a3061e03e7fc18785898b4c3e723c15f3b3e4c
      inlined_ast: f4c15b2f89975719d7fb796b52a3061e03e7fc18785898b4c3e723c15f3b3e4c
      dce_ast: f4c15b2f89975719d7fb796b52a3061e03e7fc18785898b4c3e723c15f3b3e4c
      bytecode: 6d6695b67fa8f1cff43f2d00c6ce7e118342fb3e0bd05008d952820bf0e6dca8
      warnings: ""
