---
namespace: Compile
expectation: Pass
outputs:
  - - initial_symbol_table: 3f7cfa6617f31a55f5e1dbe6a4dfc71eb0417276cdac46cf9cab0e9f54356050
      type_checked_symbol_table: e399fb22c524abb01cf5978cccde4994f93846954316cc972df0143bd55df94f
      unrolled_symbol_table: e399fb22c524abb01cf5978cccde4994f93846954316cc972df0143bd55df94f
      initial_ast: 96a67b2f605140e85b5e3c13efe22617e3bc18ee1de6d408f06ae222b6d7db77
      unrolled_ast: 96a67b2f605140e85b5e3c13efe22617e3bc18ee1de6d408f06ae222b6d7db77
      ssa_ast: 8b9e26a49fa62faad1a1d6f63e3045975f9559e61bd3d4698a0fbc40bf5f5d20
      flattened_ast: 68399a613ab4cb58e255f3ab1c7989c368a09f0cfaba98a49c3e1af0d7c3f694
      destructured_ast: 82c1a6fba8a7183a4d2380593d60b91127586bf7b354968f3ff5ee5330be40eb
      inlined_ast: 82c1a6fba8a7183a4d2380593d60b91127586bf7b354968f3ff5ee5330be40eb
      dce_ast: 82c1a6fba8a7183a4d2380593d60b91127586bf7b354968f3ff5ee5330be40eb
      bytecode: 8076383080c6f141d8c6038360d4c9494a44f39b20f85614faf57bb7f6e3a10d
      warnings: ""
