---
namespace: Compile
expectation: Pass
outputs:
  - - initial_symbol_table: 0b9e361a60499d11d8de9a427cd689b0904e3660092b6ff95a1c07bf09964e11
      type_checked_symbol_table: 58b695183f390fd270d2d7b521591c524ad80192b3c1e04fc7e691ebd5fdf24e
      unrolled_symbol_table: 58b695183f390fd270d2d7b521591c524ad80192b3c1e04fc7e691ebd5fdf24e
      initial_ast: 1a9d3e87f5b8467fca09bc7e8f012e04e8013561cbf7f62f55264645f38f518b
      unrolled_ast: 1a9d3e87f5b8467fca09bc7e8f012e04e8013561cbf7f62f55264645f38f518b
      ssa_ast: f4a7c33daf09410285c1b3604f464c0a70d43cdb4fb4b42a489e120017cc428d
      flattened_ast: 8994c8257c81849c8a6fc07a5b482e7d6a6770b59aeddedb27c46a6a2bb40712
      destructured_ast: 75b80f4644c3c42a69321913a47ed99da14612653321aaea73f1377349e89928
      inlined_ast: 75b80f4644c3c42a69321913a47ed99da14612653321aaea73f1377349e89928
      dce_ast: 433074ca0b17ea1ece4d7b51b39d53da0f5b1479c3b6a0646bb0c80e828ee604
      bytecode: 6ef5805c3336e65726b72f34cc357f5f87030d017dfd525f232f912f14c3f421
      warnings: ""
