---
namespace: Compile
expectation: Pass
outputs:
  - - initial_symbol_table: 7d3e81836aac05a2a6db39e7ec14faec547577c597f679d9dbac20397151355c
      type_checked_symbol_table: f07cd29832076504537fcecac318aa3b8c3fb7c3247ce5e3e9181fdccce5449a
      unrolled_symbol_table: f07cd29832076504537fcecac318aa3b8c3fb7c3247ce5e3e9181fdccce5449a
      initial_ast: 5c0db4459eb38473072db34d289916372a19613277b7ac66babc99d1d8c0681f
      unrolled_ast: 5c0db4459eb38473072db34d289916372a19613277b7ac66babc99d1d8c0681f
      ssa_ast: 6501123efe0a750f4869c4d3bfef2f81a1fbcfb43911024d958cac8f83414ace
      flattened_ast: bb0445d305c19a658175915e2cb9495f9033c269a60dbf7ee505d1edf5a57255
      destructured_ast: 3894fbc6cf94e0c0ed26c95098856e2d006603fc19ad78fcb1bba796653eec91
      inlined_ast: 3894fbc6cf94e0c0ed26c95098856e2d006603fc19ad78fcb1bba796653eec91
      dce_ast: 3894fbc6cf94e0c0ed26c95098856e2d006603fc19ad78fcb1bba796653eec91
      bytecode: eb8fb8c25730005f5c6c14d190313c0bee2ae389d6295686dd1867663fc93f67
      warnings: ""
