---
namespace: Compile
expectation: Pass
outputs:
  - - initial_symbol_table: 1f96df1e414fd96505a23c658692de40614d28804ebeaeafc90835f4087c91cc
      type_checked_symbol_table: f51b6c1660b8bb5b45ca5e05c303bf2fb92e47d575ff34c69abec002486452f4
      unrolled_symbol_table: f51b6c1660b8bb5b45ca5e05c303bf2fb92e47d575ff34c69abec002486452f4
      initial_ast: 6862efe8b596e629b2378b738167947a2fa19089e649fa1fc48a4b166bc56335
      unrolled_ast: 6862efe8b596e629b2378b738167947a2fa19089e649fa1fc48a4b166bc56335
      ssa_ast: a27a2e149590e24904d3f874cf7aaf0c4cd8b720b978d2b254c33d31fd4be31d
      flattened_ast: afcbe91351846e907371ce92509d19adfda10428ff31d81281f3730fb1b05aba
      destructured_ast: defef5668f0ec16f7c85197153c526d329e41e9a3c068ad273f8a2fc153b521e
      inlined_ast: defef5668f0ec16f7c85197153c526d329e41e9a3c068ad273f8a2fc153b521e
      dce_ast: 683f503ccc7ccb5b9c8c45b019338ef1228ea93b793076bcc31ed7c6639c192f
      bytecode: 1ee04c880a78442953925baa8e3c60e416d77c926da80774db6961188aaba65a
      warnings: ""
