---
namespace: Compile
expectation: Pass
outputs:
  - - initial_symbol_table: 1f96df1e414fd96505a23c658692de40614d28804ebeaeafc90835f4087c91cc
      type_checked_symbol_table: aaaec423b2c439b4857751e7dec72e29fbe3cf863753d6f21e52c9d0f5e98558
      unrolled_symbol_table: aaaec423b2c439b4857751e7dec72e29fbe3cf863753d6f21e52c9d0f5e98558
      initial_ast: 7ebb1242725004bee7d6c8f80b8ca602896018878e29f1506c54998ee10f03ab
      unrolled_ast: 7ebb1242725004bee7d6c8f80b8ca602896018878e29f1506c54998ee10f03ab
      ssa_ast: 3a7cef7868723732340cb22185c596b68826bb9e089c9f8db715f0736570a40f
      flattened_ast: ff8bd06aed49e23eda2afa29651cd3261f75c39d74c52d5ad6531c39bb4621b6
      destructured_ast: 1c930fd1297cac586246ddeca1c60418349fb03bd6e3818bf3162a9cda0e7e8b
      inlined_ast: 1c930fd1297cac586246ddeca1c60418349fb03bd6e3818bf3162a9cda0e7e8b
      dce_ast: 1cdab5e1ded3bb7439060f179360d85386ba9951550cac7f2fbd75a340eb83aa
      bytecode: 03845ec2f54d49f71640659603ead8f68ad067a15fda438e5e13524777d1559b
      warnings: ""
