---
namespace: Compile
expectation: Pass
outputs:
  - - initial_symbol_table: 85b2afdf445a99fc5beb1bb9b7c98ddce8f4936dbdb5173447e64bfc5c73e96d
      type_checked_symbol_table: 37ed5c5410f201880eb2da82ac4ec3d3ebb21756fc697827b30a5853945bfbb7
      unrolled_symbol_table: 37ed5c5410f201880eb2da82ac4ec3d3ebb21756fc697827b30a5853945bfbb7
      initial_ast: 45c044f02f010eb7b39a90441cd8250b6b434857ad6120907ea2ef4a6a8e4cde
      unrolled_ast: 45c044f02f010eb7b39a90441cd8250b6b434857ad6120907ea2ef4a6a8e4cde
      ssa_ast: c58646516e8150865a7edefa0f6e2453f959332664cb2c3b57ce36df5ee5bdff
      flattened_ast: 71fd31d9798c4fbd00d6ff8d2bfc977b80283344f661ab4df4e7d9cd1e5e3d7b
      destructured_ast: afe56ba791e9b0cea949698f966c8dfa9fb333f2d9753b993131b368ca0debb7
      inlined_ast: afe56ba791e9b0cea949698f966c8dfa9fb333f2d9753b993131b368ca0debb7
      dce_ast: f87a4d76a5ac17a162da9336c1608a65608f9506f8d987294acf5502c76180d9
      bytecode: 6c433e307d008c270d0de4f6a677aa5069fcf55a7613d777379bbab14c24be61
      warnings: ""
