---
namespace: Compile
expectation: Pass
outputs:
  - - initial_symbol_table: db965bbea0fe710347e590189a11c632e67356d6eb3dcff1ee3746f59abada67
      type_checked_symbol_table: 7388f185d6d4bf6f50baf94b543d24759c53a72ebe46a730911eb7c13b429970
      unrolled_symbol_table: 7388f185d6d4bf6f50baf94b543d24759c53a72ebe46a730911eb7c13b429970
      initial_ast: bb3a76d6e6d3ac6c614f6d2cc72ca6e0f9fc21f553405ff7096d065e6bfa2e1a
      unrolled_ast: bb3a76d6e6d3ac6c614f6d2cc72ca6e0f9fc21f553405ff7096d065e6bfa2e1a
      ssa_ast: ad9735da4bf38da575d3059d4cf9044d99c5ad13b997fb0ccb50e69c42df2fd9
      flattened_ast: 3f432be733b4b5eaaa6a7909a97d82badd25eafa7641f3b21f819ed539adf05a
      destructured_ast: 3cce84ae0bfc1057110bc008cbfc5072cefaca6e404a6db5d31cfc9d4617714d
      inlined_ast: 3cce84ae0bfc1057110bc008cbfc5072cefaca6e404a6db5d31cfc9d4617714d
      dce_ast: 3cce84ae0bfc1057110bc008cbfc5072cefaca6e404a6db5d31cfc9d4617714d
      bytecode: be43f1b20093160fdfc6c5f85fbbe6c3693a41505738d4d0db70b1fcf2243a4f
      warnings: ""
