---
namespace: Compile
expectation: Pass
outputs:
  - - initial_symbol_table: 153a795540b8f3c7493d172c26485bd4ca9ff174a66ddb976f5e64d5d1c5bd3e
      type_checked_symbol_table: 05a0d73522a23d8054744e861cb6919de7e0240ffd2c245be7c36ffa6555417c
      unrolled_symbol_table: 05a0d73522a23d8054744e861cb6919de7e0240ffd2c245be7c36ffa6555417c
      initial_ast: ba8f9cee26df29b409a6206fe3600e8e78cb5735e68c0a2ee0e79d7cf343d362
      unrolled_ast: ba8f9cee26df29b409a6206fe3600e8e78cb5735e68c0a2ee0e79d7cf343d362
      ssa_ast: 892c69a9a19771926a1ea660076bba43646b47eeeab5c51026abd0b10e6bd7a0
      flattened_ast: 2c7fc5b44ce4a118321085bdbedfe9f39a7dafa36ed000ee5ee2f77899914a1c
      destructured_ast: 657d99b4867b684cca81294c90eee2e5169a481c0808f70baa3d83a12d6afb70
      inlined_ast: 63004f5dcad36178ee5ddd71ea31e66460b70207587d686b5be883702ef9bc3b
      dce_ast: 63004f5dcad36178ee5ddd71ea31e66460b70207587d686b5be883702ef9bc3b
      bytecode: 0d572a58b3609a5835754184c0d7b55b9bb11b101a11a1be25546a212a668e25
      warnings: ""
