---
namespace: Compile
expectation: Pass
outputs:
  - - initial_symbol_table: 992dd740994079e30efead06f29f9c2df115a70d54f7649eb5fadec3120db120
      type_checked_symbol_table: 2271d0f496fc810a81e3edbd0303d248c348b0a732ee32e9cff64ccf24073daf
      unrolled_symbol_table: 2271d0f496fc810a81e3edbd0303d248c348b0a732ee32e9cff64ccf24073daf
      initial_ast: d95ebf8b0bd1c1e19bf0e63c423a30bd907701b51a4397ff8c14ccb597113f93
      unrolled_ast: d95ebf8b0bd1c1e19bf0e63c423a30bd907701b51a4397ff8c14ccb597113f93
      ssa_ast: 93fae7094229fdb70b78279c674e7513a92f354f809faba5e929ba95a6fca881
      flattened_ast: 0b543e404dd2dfbfc5ff56e8ff7e6b25a9f2516a525ac9e002f4f16d4dd678f4
      destructured_ast: 53e6e22ab7adb120603ea022b911a998b82792959dcc5a32317e58c3e8754459
      inlined_ast: 53e6e22ab7adb120603ea022b911a998b82792959dcc5a32317e58c3e8754459
      dce_ast: c7dcd7c2adb87f779258180c444d83a4944f39e3586bb067fecd54cd81a859f4
      bytecode: a90328ca973213775dcbfa872950cc8126b172ef1cd4c1a1650277b23b6f6957
      warnings: ""
