---
namespace: Compile
expectation: Pass
outputs:
  - - initial_symbol_table: 9de9a9614bae9e392c40cbe50c32763866d8facbe3b7b0e618c773c9c1e2452b
      type_checked_symbol_table: 0c70472fb21893662b1ec36bd51f9ac064da4731817d99d9c0030cf08799d915
      unrolled_symbol_table: 0c70472fb21893662b1ec36bd51f9ac064da4731817d99d9c0030cf08799d915
      initial_ast: e1be2b4ac39c4564dc626d308f1605620db8795f2536a31278c1f2a3cf992e7e
      unrolled_ast: e1be2b4ac39c4564dc626d308f1605620db8795f2536a31278c1f2a3cf992e7e
      ssa_ast: 6467b2c0c3d5a9e7c780a332ca44a3729a629bb919f2fe1bb7607594b3fc1f59
      flattened_ast: e0e353bcc49a77407a8a20a159963b6d6863c8593d2ad188cd57bded808d9f3b
      destructured_ast: b4d264ca9539de83bf57e82671fd12174aa786f816074a7ff7e20e6a52d18c9c
      inlined_ast: b4d264ca9539de83bf57e82671fd12174aa786f816074a7ff7e20e6a52d18c9c
      dce_ast: c158eaf196d8c53603a3c0a7d3d46c9b536cb5e1b0a8029aa7b6ecf33a043bb7
      bytecode: 490f1367d32747ffc240c1b2a165f85ca487e65d00e2efee5d784e643213ce20
      warnings: ""
