---
namespace: Compile
expectation: Pass
outputs:
  - - initial_symbol_table: 683d28f905f9ebab3eabac6f86be618c3c4527dbcac72624fdaf4f30f7b9912c
      type_checked_symbol_table: 3f1dc10901b99443b1cb15d6c78ae74cb335cb98e07b6c8921bf4ec02697d484
      unrolled_symbol_table: 3f1dc10901b99443b1cb15d6c78ae74cb335cb98e07b6c8921bf4ec02697d484
      initial_ast: 2ffa335efaf268067c6088b90e19d48a0b915e0dc7f6295deee8f452cf0abe45
      unrolled_ast: 2ffa335efaf268067c6088b90e19d48a0b915e0dc7f6295deee8f452cf0abe45
      ssa_ast: 7f0c666b1ce951e2f6b6d7baee9d535c5c81f2dad82549389338f3af57d2ecf9
      flattened_ast: ee26aeb04420745a30b380048d59ee83170ec899a815290715673f00b483fab2
      destructured_ast: 227de97ed8c5358f2f976ac3da2cff9c59c853121d8164b119a906d1593f0cb0
      inlined_ast: 227de97ed8c5358f2f976ac3da2cff9c59c853121d8164b119a906d1593f0cb0
      dce_ast: 227de97ed8c5358f2f976ac3da2cff9c59c853121d8164b119a906d1593f0cb0
      bytecode: b028178300130b3ccbbce4d1d496a8feb1e4ac876572588e646c6e220105ff70
      warnings: ""
