---
namespace: Compile
expectation: Pass
outputs:
  - - initial_symbol_table: 823522114863d7e6f6aeea3c51ba80535c7fa8ba49115b0b645c1f0ff6a359c4
      type_checked_symbol_table: 78d3b5c6288e9db5a7165141849cd03751f1026b047ca2017da1308b69d8f0c9
      unrolled_symbol_table: 78d3b5c6288e9db5a7165141849cd03751f1026b047ca2017da1308b69d8f0c9
      initial_ast: bdc1996fa39191945d7d1cd730c542b4e2d58211fc56560bd7cf2ea7b2e27d46
      unrolled_ast: bdc1996fa39191945d7d1cd730c542b4e2d58211fc56560bd7cf2ea7b2e27d46
      ssa_ast: 84610cf3f52a8917538dd48b08f8725bd8536e8aa23912d6b7d7c3e172a782d8
      flattened_ast: bbd7ac711804e78962ef206e024167cc9a1037e17cbd9048f70f88254e4449a7
      destructured_ast: 97f6035c1332aa14dd0ccace4038a12f21b5377e4e76f28f3e28130d9a05a94a
      inlined_ast: 97f6035c1332aa14dd0ccace4038a12f21b5377e4e76f28f3e28130d9a05a94a
      dce_ast: 97f6035c1332aa14dd0ccace4038a12f21b5377e4e76f28f3e28130d9a05a94a
      bytecode: 567f936a9f498a3648860fa0c7028b9fe84c93e9843fc82865e39298bc99c525
      warnings: ""
