---
namespace: Compile
expectation: Pass
outputs:
  - - initial_symbol_table: a669ebbba1ba1c89f9b9bc0f42342f9dab476d8eab1c5bae3d3e541482f9b25b
      type_checked_symbol_table: 627a3c7488c6e18e617e7ed564bb7ae29ef11dd81f3ea18c5c73d173f253b6b5
      unrolled_symbol_table: 26f0e24e0ac333ba239d85ed8293638f79ece995b09d84d936c2256c8882e8e4
      initial_ast: d4a5ec27f4532c5c2fa1e218a59688a2c5d2e81de104aa0ffe509a5e7fff049a
      unrolled_ast: 0953cd05d51be2a30f78c79066b894d2079bd68bf0e6e901cf345beb8e86d8b1
      ssa_ast: 501df3991960894f2ae10a50099e4481e3943eb2084a729d217f0697259412da
      flattened_ast: c85a57b92944e368dc69a6a8a9ea408c3751c5ef6d3c9be4fa7a44b7c2555889
      destructured_ast: 4c331bb604678ace382c509b189a99b93d66e6e25d1a663b3b8418d68c00ba7b
      inlined_ast: 4c331bb604678ace382c509b189a99b93d66e6e25d1a663b3b8418d68c00ba7b
      dce_ast: 4c331bb604678ace382c509b189a99b93d66e6e25d1a663b3b8418d68c00ba7b
      bytecode: 1425e7c87a38072c342ef9505090c0b039663ac1c5ce41632f999b376c81d348
      warnings: ""
