---
namespace: Compile
expectation: Pass
outputs:
  - - initial_symbol_table: 318333ec5b971a7080d5446acd4f6931703fcb36c1430925528fe655d0d903b5
      type_checked_symbol_table: 9df21559cca2d8fe49e78a8989b590f740238dc795e1e6c99b50eee4528aa407
      unrolled_symbol_table: 9df21559cca2d8fe49e78a8989b590f740238dc795e1e6c99b50eee4528aa407
      initial_ast: 503ec3d80bf0ecc98557d4bc20601c043281bf47d415fa5369a5685e9c1bc5fb
      unrolled_ast: 503ec3d80bf0ecc98557d4bc20601c043281bf47d415fa5369a5685e9c1bc5fb
      ssa_ast: 3aacd179b55306416b96c2b237527a4f9888713154c0601e57bc0df4067f4706
      flattened_ast: fdbb7d88fc7e8c1dadfb5766526463c5d6de348028b7d0a634402ee836c96954
      destructured_ast: 34df532019837fddcd91c5bbc3b4801e3adea6c000a458291cb2f9fae5f45fb0
      inlined_ast: 34df532019837fddcd91c5bbc3b4801e3adea6c000a458291cb2f9fae5f45fb0
      dce_ast: 34df532019837fddcd91c5bbc3b4801e3adea6c000a458291cb2f9fae5f45fb0
      bytecode: 65f57028681592ca0f5c4fed50abb89f4aa53139b2371bc00c3e701d5b8e896f
      warnings: ""
