---
namespace: Compile
expectation: Pass
outputs:
  - - initial_symbol_table: 9fff514fbbb7bc77162c85f91243ac0454ec07bd0b77320e87c19adf2f2207de
      type_checked_symbol_table: 43874a4208d661fb947452ae93a7aaa0944ed0faa75aa6af4f89d1acf2e89d97
      unrolled_symbol_table: 43874a4208d661fb947452ae93a7aaa0944ed0faa75aa6af4f89d1acf2e89d97
      initial_ast: 8b86aed9874509a9375d095d0bd1baad9275a1e72fe0e331dc81c9a980b0cc38
      unrolled_ast: 8b86aed9874509a9375d095d0bd1baad9275a1e72fe0e331dc81c9a980b0cc38
      ssa_ast: 3cf1245355a2583cb73ba0c2e10f56fe307ad22462d0eaa83171b804cb386f70
      flattened_ast: f0fd8a4e8e335ce8f4daef3704d0d5fde52d2949e8a04fdefd17eea03965bdd5
      destructured_ast: 143f5599560a2971002956b0c681236683f30fbe117573d7a051067406cfd36c
      inlined_ast: 143f5599560a2971002956b0c681236683f30fbe117573d7a051067406cfd36c
      dce_ast: 143f5599560a2971002956b0c681236683f30fbe117573d7a051067406cfd36c
      bytecode: 3371e90020913ff2646967d8f24bd5da1033f31c46c1b46c1996331bb488b96e
      warnings: ""
