---
namespace: Compile
expectation: Pass
outputs:
  - - initial_symbol_table: 44f8302f44b3c187df5eb5516b6b48c23889cbbf4ff3a1eba6a0e177b781b319
      type_checked_symbol_table: 7863d5e390001e8eb504d8c2b0eb32b4169371a875b379265e788b656c6bfde7
      unrolled_symbol_table: 7863d5e390001e8eb504d8c2b0eb32b4169371a875b379265e788b656c6bfde7
      initial_ast: 8ebd170d84f849b6a82f1d7b75ad08aa776a6e1c25b788b7e6faaf7e1f8a8bcf
      unrolled_ast: 8ebd170d84f849b6a82f1d7b75ad08aa776a6e1c25b788b7e6faaf7e1f8a8bcf
      ssa_ast: 4551e992cbc9734ddda2e0ef9c177cb48dceea67a66a40b7babc3bb80683faf2
      flattened_ast: 47a10ed816d660fe789b3e7be747c12f9bcdd4bd2c68e587f9638d5034bfd91f
      destructured_ast: 8440af20046ccc813a15701afa47773922780e651892ebf16a91379eec1745db
      inlined_ast: 8440af20046ccc813a15701afa47773922780e651892ebf16a91379eec1745db
      dce_ast: 8440af20046ccc813a15701afa47773922780e651892ebf16a91379eec1745db
      bytecode: 8cf2c9baf4dd960c2135a86ac62576bcb4d04c2ba826ff413bdce7f05d230516
      warnings: ""
