---
namespace: Compile
expectation: Pass
outputs:
  - - initial_symbol_table: 8e443c028cea1cb073069e7a389f0dbf533916fc3751e321bb800ccaeb901a58
      type_checked_symbol_table: f4840dc05f84c67293a21be0ed9b1844d29461677af6b1e3d98ca89fbd84c2b2
      unrolled_symbol_table: f4840dc05f84c67293a21be0ed9b1844d29461677af6b1e3d98ca89fbd84c2b2
      initial_ast: 7bebc2f0f845d2b403110e88ceabbf11707a3ac37d0ea0b6c56e639a3217a700
      unrolled_ast: 7bebc2f0f845d2b403110e88ceabbf11707a3ac37d0ea0b6c56e639a3217a700
      ssa_ast: 0fd184c7373a73bce5e93c0aec342d7863143defa93af177e3540955572f552e
      flattened_ast: 024bb505cd2fbfad08eda6d12ca898d7a1724ee6e8c02aa271178a4fc196063b
      destructured_ast: 571acbdb2f71bd98d85d324b4c5f0234704054bac011c0c8edb07cd147d2d80b
      inlined_ast: 571acbdb2f71bd98d85d324b4c5f0234704054bac011c0c8edb07cd147d2d80b
      dce_ast: 571acbdb2f71bd98d85d324b4c5f0234704054bac011c0c8edb07cd147d2d80b
      bytecode: eb74a56b4c761a3050ee4ca8c5ac6f4085675f0ba71514b9c10cc49044251472
      warnings: ""
