---
namespace: Compile
expectation: Pass
outputs:
  - - initial_symbol_table: a5f56d9140369710d2616f22e72769b4ce4786e6b3cadd3eaa7301dd486c160b
      type_checked_symbol_table: 2cd2ba03c3f90e833f1a08116e51e58d41d76bb92eac852bb9c04a98e53c1b13
      unrolled_symbol_table: 2cd2ba03c3f90e833f1a08116e51e58d41d76bb92eac852bb9c04a98e53c1b13
      initial_ast: f8723d099448783b4a423ed7e24d2592db202e785ba306afc0a09853eee051cc
      unrolled_ast: f8723d099448783b4a423ed7e24d2592db202e785ba306afc0a09853eee051cc
      ssa_ast: de7e83447abaf3cc39785bd8514f9770c0fc6117414c99870ad1bd2ab08040f8
      flattened_ast: 20308f0db9b334dd939fde68c48c11753c3d3b7058af1bffb1eb8e6ec2f2ead6
      destructured_ast: 3e24e345781d1b2898047d8d0e4e348808d9ccdb19592fdb11dcb99c0df1e867
      inlined_ast: 3e24e345781d1b2898047d8d0e4e348808d9ccdb19592fdb11dcb99c0df1e867
      dce_ast: 8dc9187c1863e0f7ab8e0236f192830af310d0ed8aa03d5e39ef8a3b13a2997c
      bytecode: 651a250bda995df00cf3b4659d1ea35912ed94da32b5d487677dead9126b5d69
      warnings: ""
