---
namespace: Compile
expectation: Pass
outputs:
  - - initial_symbol_table: f2e1278c1b7a68a7c55fa40ddb7f96e294617154b5e6645756a54e449174ca49
      type_checked_symbol_table: d84154eca10ddf524e43527f64fbf07e05feb02b142c9f1f36b42667a2ad7b84
      unrolled_symbol_table: d84154eca10ddf524e43527f64fbf07e05feb02b142c9f1f36b42667a2ad7b84
      initial_ast: daecc770ad91c4a5104c21ada23d80c67ff1c182a6f31432edbdd948ba306479
      unrolled_ast: daecc770ad91c4a5104c21ada23d80c67ff1c182a6f31432edbdd948ba306479
      ssa_ast: b0271beb9a4e000192b8bd859826bd583dc585c0576319d9757d237ec2a1f810
      flattened_ast: ad499eaf30561d2bad65be020342c290d1e81ca93af7d6facc811289825b8814
      destructured_ast: e09f1859f669bd91a6c505a7a9dd5146a67a5846e415485ea7237ef2564d8a72
      inlined_ast: e09f1859f669bd91a6c505a7a9dd5146a67a5846e415485ea7237ef2564d8a72
      dce_ast: e09f1859f669bd91a6c505a7a9dd5146a67a5846e415485ea7237ef2564d8a72
      bytecode: f88e8b16ebc2a407989f9f316ad6a9edfec6f134c7a0d9b25cea571df8161900
      warnings: ""
