---
namespace: Compile
expectation: Pass
outputs:
  - - initial_symbol_table: c544892b33c76351e60bf135d6bc8159061cef9bfb962a51645b359bf2374e80
      type_checked_symbol_table: 79b5c99166df68ad0c2f1cd72f59c7bd77dde5c674f084184e2e0badd9aa4bcf
      unrolled_symbol_table: 79b5c99166df68ad0c2f1cd72f59c7bd77dde5c674f084184e2e0badd9aa4bcf
      initial_ast: 81f8f0d6d5dc42a41eb1adf85a563224629d1157b517b2ba1c030ba47dd8cddd
      unrolled_ast: 81f8f0d6d5dc42a41eb1adf85a563224629d1157b517b2ba1c030ba47dd8cddd
      ssa_ast: 1d318b698eb0c25c6be8f024e45f7026656484559673e746bd3c26f43ca52bc8
      flattened_ast: 4f6fa993332fd527d0cbe30dfb9adadfba918fd80240d7a2d3b8ddcbd6a4c8a5
      destructured_ast: 4255a9739bb2061d88c849e438bff6749abce1030fc7fc6fb4206a427fb4f0e9
      inlined_ast: 4255a9739bb2061d88c849e438bff6749abce1030fc7fc6fb4206a427fb4f0e9
      dce_ast: 4255a9739bb2061d88c849e438bff6749abce1030fc7fc6fb4206a427fb4f0e9
      bytecode: 71fa0293c129cb150cfbc206d6709f67884cd0864200dd8a6382ae6d30a3dac2
      warnings: ""
