---
namespace: Compile
expectation: Pass
outputs:
  - - initial_symbol_table: a5f56d9140369710d2616f22e72769b4ce4786e6b3cadd3eaa7301dd486c160b
      type_checked_symbol_table: 9d1e9e5b0948376ed46501cef3297fea954a644d81b450079e86cf8b5b0ac66a
      unrolled_symbol_table: 9d1e9e5b0948376ed46501cef3297fea954a644d81b450079e86cf8b5b0ac66a
      initial_ast: d9fb32f865aceeb65b0f9ea636d858e9307145ac236f09161af9bd39d066c47a
      unrolled_ast: d9fb32f865aceeb65b0f9ea636d858e9307145ac236f09161af9bd39d066c47a
      ssa_ast: fd463e6ca3e9cf358ac61a1aa4039734caa8a90c148ea7ae978d68636e24363f
      flattened_ast: f1b6733e1f00e065a9742cb986ee81c878185ab49bee9d4054e265b4ed96e192
      destructured_ast: 4ad063f1901c958a0467412ba382179caf82bc51f8650b08a336f325c5e90ae8
      inlined_ast: 4ad063f1901c958a0467412ba382179caf82bc51f8650b08a336f325c5e90ae8
      dce_ast: 4ad063f1901c958a0467412ba382179caf82bc51f8650b08a336f325c5e90ae8
      bytecode: 0d7b74771220febbbf1600fe72c373d3398998c0d1200c1fd592d3b3da56b928
      warnings: ""
