---
namespace: Compile
expectation: Pass
outputs:
  - - initial_symbol_table: 74b5b2e631e68611202a7a045996856214c9c3b227b9758d93dc52912d073526
      type_checked_symbol_table: 3d20ce52198bcfd4f30fa6c80c28b6415a5d13ef629474ac3041cb3d0da75e8a
      unrolled_symbol_table: 3d20ce52198bcfd4f30fa6c80c28b6415a5d13ef629474ac3041cb3d0da75e8a
      initial_ast: 014539d9b2373bb14b73fab4d301ccea021f102a9477816696ae526767c59ed1
      unrolled_ast: 014539d9b2373bb14b73fab4d301ccea021f102a9477816696ae526767c59ed1
      ssa_ast: d0c19c5d9fc9db489260661ee3066e74c1257b433fd6e3f170f36bd97e058d60
      flattened_ast: cea073541998cab98d4c3c1018cbefb8fbef974fe60bd27bffbf7adaa5bf858a
      destructured_ast: 08a451e0bb2bd53dc283639d6ce3385f36be601e167fd1051164bdebb849d368
      inlined_ast: 08a451e0bb2bd53dc283639d6ce3385f36be601e167fd1051164bdebb849d368
      dce_ast: 08a451e0bb2bd53dc283639d6ce3385f36be601e167fd1051164bdebb849d368
      bytecode: 009e138c1ef58588c8c34fdd4b56c5cd984a2f4664d71a3ce1f5811350d5cc1f
      warnings: ""
