---
namespace: Compile
expectation: Pass
outputs:
  - - initial_symbol_table: 3b9e4539ba9a5a05af207777741e4d9bce242a0aae50c24ad98f5de02c9d9fd4
      type_checked_symbol_table: c6830299330a05ca4f0ad6029c9bbd1e3773f782b26e721ddb140ee7564f8444
      unrolled_symbol_table: c6830299330a05ca4f0ad6029c9bbd1e3773f782b26e721ddb140ee7564f8444
      initial_ast: 84945f3226e5b876a66ca6cd15bc545e3de7e66a26400a2eaaf2cbc0d31905c4
      unrolled_ast: 84945f3226e5b876a66ca6cd15bc545e3de7e66a26400a2eaaf2cbc0d31905c4
      ssa_ast: 8f4485d1fef3e2a50fb2683e6124457d965c1ed6c26416f427a7067482b1896e
      flattened_ast: 21d8e33d177304ffdbae9431c495bd99570740949d12eacad2bc230d96c7ba81
      destructured_ast: 506e36646efb81ecba6a030139a5db768001f572354987140b81f62efa08d4aa
      inlined_ast: 506e36646efb81ecba6a030139a5db768001f572354987140b81f62efa08d4aa
      dce_ast: 506e36646efb81ecba6a030139a5db768001f572354987140b81f62efa08d4aa
      bytecode: 4e191316243b5f6fff5d47a3177f3ec59d72ce76b7f3d6d3aa0da615f67a4087
      warnings: ""
