---
namespace: Compile
expectation: Pass
outputs:
  - - initial_symbol_table: 8ad2062b26cb7ce9977099acf47634563db6bee84d16c90b51fa68c6a9577781
      type_checked_symbol_table: 7bd0addc88bb8cc54ffa341e723d934aa92dec285cf7ab9cec69df8d4b7b98f4
      unrolled_symbol_table: 7bd0addc88bb8cc54ffa341e723d934aa92dec285cf7ab9cec69df8d4b7b98f4
      initial_ast: b77334fba6d7d5c0c32bdf6e95b9f269491edf6ba32dfc47624aac3d4ef34da4
      unrolled_ast: b77334fba6d7d5c0c32bdf6e95b9f269491edf6ba32dfc47624aac3d4ef34da4
      ssa_ast: a210e6cc44696117a30906a3d2dbbe283a29132825f0ff35175a8cb7a84a8be6
      flattened_ast: ad23e4cbcbe23b9a61dfe1fd3d58c6151f67f58feef738c56a8d9068e98ab8c5
      destructured_ast: 8f6df91f79691b2456631389510b9c01986b2c26ed1181a53514606ffff59bb4
      inlined_ast: 8f6df91f79691b2456631389510b9c01986b2c26ed1181a53514606ffff59bb4
      dce_ast: 8f6df91f79691b2456631389510b9c01986b2c26ed1181a53514606ffff59bb4
      bytecode: d1cb76177aa7ffcdc033855e2696b25791292c7c6b38fdc3c1e145dadc0f838a
      warnings: ""
