---
namespace: Compile
expectation: Pass
outputs:
  - - initial_symbol_table: 0b9e361a60499d11d8de9a427cd689b0904e3660092b6ff95a1c07bf09964e11
      type_checked_symbol_table: 58b695183f390fd270d2d7b521591c524ad80192b3c1e04fc7e691ebd5fdf24e
      unrolled_symbol_table: 58b695183f390fd270d2d7b521591c524ad80192b3c1e04fc7e691ebd5fdf24e
      initial_ast: 5125de3abf8249c7a3b4309b1cd9feb6a70d5ef65f465468cb8a7e8c5b0fe711
      unrolled_ast: 5125de3abf8249c7a3b4309b1cd9feb6a70d5ef65f465468cb8a7e8c5b0fe711
      ssa_ast: 46335fd99de09b6629161d20face46c5457759e42f51577a8eb4e5d761fa023c
      flattened_ast: 32c19e8a76ccc12c6a3cec2420ce837a5e6c133d14bf412bf8af680dc0f04e63
      destructured_ast: 4d8d2016fdd8eada1214e11622b363492c79de1a621b6c813f1e1332f6e250d4
      inlined_ast: 4d8d2016fdd8eada1214e11622b363492c79de1a621b6c813f1e1332f6e250d4
      dce_ast: ba4349d75573f16c2379526df3350836ec913c090c65948c14af609348829188
      bytecode: 8c33439a30c50519ebd6ea519da98bac7452bc3d91e2062e069b36b716d8d711
      warnings: ""
