---
namespace: Compile
expectation: Pass
outputs:
  - - initial_symbol_table: f42679f84a0502913466b98ad0802570b196a03efb92762dbf14ddef9343e2bb
      type_checked_symbol_table: badc647bf125be858219463ee7be65a54c641b1a351a7f0b17012263cce0ad5a
      unrolled_symbol_table: badc647bf125be858219463ee7be65a54c641b1a351a7f0b17012263cce0ad5a
      initial_ast: 43e55635a47003822f45444427c588a24e2e2454c7c73886ef34d8ba778092ec
      unrolled_ast: 43e55635a47003822f45444427c588a24e2e2454c7c73886ef34d8ba778092ec
      ssa_ast: db432aff0534a05272c1ed429ed9cdb1f56a2fde5e38e6c5b0e8c9acfa5efa51
      flattened_ast: 36ef93f8ee494159dba93b850f3c27e80ad9b1c4b01819dcf743a7a91465238a
      destructured_ast: 8695b8dd6b20382bab016900b17f5cdbeb82a0a69171f293627210c330972f22
      inlined_ast: 8695b8dd6b20382bab016900b17f5cdbeb82a0a69171f293627210c330972f22
      dce_ast: b9d650a1c099f30c6a885f4ac1202309796b8333ae17191b052f6c06913429c3
      bytecode: 9a042a6076c83bb376f10443261e56704956030b03df62da5d5f4742ac10c74d
      warnings: ""
